[www.thelogistixco.com/index.html]
[backblue.gif]
[fade.gif]
[index.html]
[www.thelogistixco.com/o,baseURI]
[www.thelogistixco.com/GET]
[cdn-dhaoc.nitrocdn.com/yFqVfRYBJOLINhnquyhbCoFSffBIZaKV/assets/static/optimized/rev-36dbb12/wp-content/uploads/2021/03/AdobeStock_330944651.jpg]
[cdn-dhaoc.nitrocdn.com/yFqVfRYBJOLINhnquyhbCoFSffBIZaKV/assets/static/optimized/rev-36dbb12/wp-content/uploads/2021/03/Mask-Group-1@2x.png]
[cdn-dhaoc.nitrocdn.com/yFqVfRYBJOLINhnquyhbCoFSffBIZaKV/assets/static/optimized/rev-36dbb12/wp-content/uploads/2021/03/Liquid-Bulk.jpg]
[www.thelogistixco.com/Edge/index.html]
[www.thelogistixco.com/wp-json/wp/v2/pages/1378.json]
[www.thelogistixco.com/comments/feed/index.html]
[www.thelogistixco.com/feed/index.html]
[www.thelogistixco.com/wp-json/index.html]
[www.thelogistixco.com/xmlrpc0db0.php]
[www.thelogistixco.com/wp-includes/wlwmanifest.xml]
[www.thelogistixco.com/wp-json/oembed/1.0/embeda52d.json]
[www.thelogistixco.com/wp-json/oembed/1.0/embed5c86]
[cdn-dhaoc.nitrocdn.com/yFqVfRYBJOLINhnquyhbCoFSffBIZaKV/assets/static/optimized/rev-36dbb12/wp-content/uploads/2021/02/TLC-logo-Favicon-150x150.png]
[cdn-dhaoc.nitrocdn.com/yFqVfRYBJOLINhnquyhbCoFSffBIZaKV/assets/static/optimized/rev-36dbb12/wp-content/uploads/2021/02/TLC-logo-Favicon.png]
[www.google-analytics.com/analytics.js]
[bat.bing.com/bat.js]
[www.thelogistixco.com/e]
[www.thelogistixco.com/2022/07/08/e-commerce-giant-shrinking-expansion-plans/index.html]
[www.thelogistixco.com/contact-us/index.html]
[www.thelogistixco.com/about-us/index.html]
[www.thelogistixco.com/events/index.html]
[www.thelogistixco.com/POST.f.delayed]
[www.thelogistixco.com/careers/index.html]
[www.thelogistixco.com/embark/index.html]
[www.thelogistixco.com/core-service-liquid-bulk/index.html]
[www.thelogistixco.com/core-service-dry-van-flatbed/index.html]
[www.thelogistixco.com/core-service-iso-20-40-containers/index.html]
[www.thelogistixco.com/core-service-ltl-management/index.html]
[cdn-dhaoc.nitrocdn.com/yFqVfRYBJOLINhnquyhbCoFSffBIZaKV/assets/static/optimized/rev-36dbb12/wp-includes/js/jquery/nitro-min-af6cb5bfb91ce2d78377e57c8d18ffc0.jquery.js]
[cdn-dhaoc.nitrocdn.com/yFqVfRYBJOLINhnquyhbCoFSffBIZaKV/assets/static/optimized/rev-36dbb12/wp-includes/js/jquery/nitro-min-d6171631e2919215b5e490dc93564c56.jquery-migrate.js]
[cdn-dhaoc.nitrocdn.com/yFqVfRYBJOLINhnquyhbCoFSffBIZaKV/assets/static/optimized/rev-36dbb12/wp-content/plugins/js-support-ticket/includes/js/nitro-min-5b2146b38e1b595a126b17429a3712f0.common.js]
[cdn-dhaoc.nitrocdn.com/yFqVfRYBJOLINhnquyhbCoFSffBIZaKV/assets/static/optimized/rev-36dbb12/wp-content/plugins/js-support-ticket/includes/js/nitro-min-5b2146b38e1b595a126b17429a3712f0.responsivetable.js]
[cdn-dhaoc.nitrocdn.com/yFqVfRYBJOLINhnquyhbCoFSffBIZaKV/assets/static/optimized/rev-36dbb12/button/nitro-min-3f14efa965b4f23c4c913c353b485238.st_insights.js]
[cdn-dhaoc.nitrocdn.com/yFqVfRYBJOLINhnquyhbCoFSffBIZaKV/assets/static/optimized/rev-36dbb12/js/nitro-min-121868.js]
[cdn-dhaoc.nitrocdn.com/yFqVfRYBJOLINhnquyhbCoFSffBIZaKV/assets/static/optimized/rev-36dbb12/wp-includes/js/jquery/ui/nitro-min-0028783c6c3493afecf62f0ca754461e.core.js]
[cdn-dhaoc.nitrocdn.com/yFqVfRYBJOLINhnquyhbCoFSffBIZaKV/assets/static/optimized/rev-36dbb12/wp-includes/js/jquery/ui/nitro-min-0028783c6c3493afecf62f0ca754461e.accordion.js]
[cdn-dhaoc.nitrocdn.com/yFqVfRYBJOLINhnquyhbCoFSffBIZaKV/assets/static/optimized/rev-36dbb12/wp-content/plugins/js-support-ticket/includes/js/nitro-min-5b2146b38e1b595a126b17429a3712f0.jquery.form-validator.15.delaye]
[cdn-dhaoc.nitrocdn.com/yFqVfRYBJOLINhnquyhbCoFSffBIZaKV/assets/static/optimized/rev-36dbb12/recaptcha/nitro-min-d5bf79f2d9ab4bee53635324a1a62de1.api.js]
[cdn-dhaoc.nitrocdn.com/yFqVfRYBJOLINhnquyhbCoFSffBIZaKV/assets/static/optimized/rev-36dbb12/wp-content/plugins/simple-share-buttons-adder/js/nitro-min-8dd930e4dd6c7c5c7a29f3ed0522de71.ssba.js]
[cdn-dhaoc.nitrocdn.com/yFqVfRYBJOLINhnquyhbCoFSffBIZaKV/assets/static/optimized/rev-36dbb12/wp-content/plugins/wp-job-openings/assets/js/nitro-min-3d36ac7826eed3864ee84e1ad3c0734d.script.min.js]
[cdn-dhaoc.nitrocdn.com/yFqVfRYBJOLINhnquyhbCoFSffBIZaKV/assets/static/optimized/rev-36dbb12/wp-content/plugins/elementor-pro/assets/js/nitro-min-1ac1524d578c3bfdc7c69dab2dd69f18.webpack-pro.runtime.js]
[cdn-dhaoc.nitrocdn.com/yFqVfRYBJOLINhnquyhbCoFSffBIZaKV/assets/static/optimized/rev-36dbb12/wp-content/plugins/constant-contact-forms/assets/js/nitro-min-1dd908a0febb7853f90ca57bb79e80dc.ctct-plugin-recaptcha.1b.del]
[cdn-dhaoc.nitrocdn.com/yFqVfRYBJOLINhnquyhbCoFSffBIZaKV/assets/static/optimized/rev-36dbb12/wp-content/plugins/elementor/assets/js/nitro-min-f43b551b749a36845288913120943cc6.webpack.runtime.js]
[cdn-dhaoc.nitrocdn.com/yFqVfRYBJOLINhnquyhbCoFSffBIZaKV/assets/static/optimized/rev-36dbb12/wp-content/plugins/elementor/assets/js/nitro-min-f43b551b749a36845288913120943cc6.frontend-modules.js]
[cdn-dhaoc.nitrocdn.com/yFqVfRYBJOLINhnquyhbCoFSffBIZaKV/assets/static/optimized/rev-36dbb12/wp-includes/js/dist/vendor/nitro-min-39373f825d7812e4c0eff141ce43ad5b.regenerator-runtime.js]
[cdn-dhaoc.nitrocdn.com/yFqVfRYBJOLINhnquyhbCoFSffBIZaKV/assets/static/optimized/rev-36dbb12/wp-includes/js/dist/vendor/nitro-min-2c7cef87d91a8c32817cef0915f9141b.wp-polyfill.js]
[cdn-dhaoc.nitrocdn.com/yFqVfRYBJOLINhnquyhbCoFSffBIZaKV/assets/static/optimized/rev-36dbb12/wp-includes/js/dist/nitro-min-cbb5d1e91b9a8417d86bfeb314daa78c.hooks.js]
[cdn-dhaoc.nitrocdn.com/yFqVfRYBJOLINhnquyhbCoFSffBIZaKV/assets/static/optimized/rev-36dbb12/wp-content/plugins/constant-contact-forms/assets/js/nitro-min-1dd908a0febb7853f90ca57bb79e80dc.ctct-plugin-frontend.1c.dela]
[cdn-dhaoc.nitrocdn.com/yFqVfRYBJOLINhnquyhbCoFSffBIZaKV/assets/static/optimized/rev-36dbb12/wp-includes/js/dist/nitro-min-771a52b4530a27e460955a3b4445cf21.i18n.js]
[cdn-dhaoc.nitrocdn.com/yFqVfRYBJOLINhnquyhbCoFSffBIZaKV/assets/static/optimized/rev-36dbb12/wp-content/plugins/elementor-pro/assets/js/nitro-min-1ac1524d578c3bfdc7c69dab2dd69f18.frontend.js]
[cdn-dhaoc.nitrocdn.com/yFqVfRYBJOLINhnquyhbCoFSffBIZaKV/assets/static/optimized/rev-36dbb12/wp-content/plugins/elementor/assets/lib/waypoints/nitro-min-05dab1e7174ef3cb7c002a1ae16cb972.waypoints.js]
[cdn-dhaoc.nitrocdn.com/yFqVfRYBJOLINhnquyhbCoFSffBIZaKV/assets/static/optimized/rev-36dbb12/wp-content/plugins/elementor/assets/lib/swiper/nitro-min-48f52d9cf783a7c8e9223b6108c784e9.swiper.js]
[cdn-dhaoc.nitrocdn.com/yFqVfRYBJOLINhnquyhbCoFSffBIZaKV/assets/static/optimized/rev-36dbb12/wp-content/plugins/elementor/assets/lib/share-link/nitro-min-f43b551b749a36845288913120943cc6.share-link.js]
[cdn-dhaoc.nitrocdn.com/yFqVfRYBJOLINhnquyhbCoFSffBIZaKV/assets/static/optimized/rev-36dbb12/wp-content/plugins/ooohboi-steroids-for-elementor/assets/js/nitro-min-463794f94d754b81bef0ab81ed3facb3.ooohboi-steroids.1f]
[cdn-dhaoc.nitrocdn.com/yFqVfRYBJOLINhnquyhbCoFSffBIZaKV/assets/static/optimized/rev-36dbb12/wp-content/plugins/elementor/assets/lib/dialog/nitro-min-d2271a11f9042b5f0bf3141b56dba4ea.dialog.js]
[cdn-dhaoc.nitrocdn.com/yFqVfRYBJOLINhnquyhbCoFSffBIZaKV/assets/static/optimized/rev-36dbb12/wp-content/plugins/elementor/assets/js/nitro-min-f43b551b749a36845288913120943cc6.frontend.js]
[cdn-dhaoc.nitrocdn.com/yFqVfRYBJOLINhnquyhbCoFSffBIZaKV/assets/static/optimized/rev-36dbb12/wp-content/plugins/elementor/assets/js/nitro-min-f43b551b749a36845288913120943cc6.preloaded-modules.js]
[cdn-dhaoc.nitrocdn.com/yFqVfRYBJOLINhnquyhbCoFSffBIZaKV/assets/static/optimized/rev-36dbb12/wp-content/plugins/elementor-pro/assets/lib/sticky/nitro-min-1ac1524d578c3bfdc7c69dab2dd69f18.jquery.sticky.js]
[cdn-dhaoc.nitrocdn.com/yFqVfRYBJOLINhnquyhbCoFSffBIZaKV/assets/static/optimized/rev-36dbb12/wp-content/plugins/elementor-pro/assets/lib/smartmenus/nitro-min-f269e9a3a80059942775a9c8c2131b2c.jquery.smartmenus.20.dela]
[cdn-dhaoc.nitrocdn.com/yFqVfRYBJOLINhnquyhbCoFSffBIZaKV/assets/static/optimized/rev-36dbb12/combinedCss/nitro-min-noimport-301e27bf4e67d7ca261d1e48f1d800a5-stylesheet.css]
[www.thelogistixco.com/index.html]
[www.thelogistixco.com/o,baseURI.html]
[www.thelogistixco.com/GET.html]
[www.thelogistixco.com/Edge/index.html]
[cdn-dhaoc.nitrocdn.com/yFqVfRYBJOLINhnquyhbCoFSffBIZaKV/assets/static/optimized/rev-36dbb12/wp-content/plugins/elementor-pro/assets/js/nitro-min-1ac1524d578c3bfdc7c69dab2dd69f18.preloaded-elements-handlers.2e.delaye]
[cdn-dhaoc.nitrocdn.com/yFqVfRYBJOLINhnquyhbCoFSffBIZaKV/assets/static/optimized/rev-36dbb12/combinedCss/nitro-min-noimport-31c26a47afd5475e65a9f9dfba9ef19b-stylesheet.css]
[www.thelogistixco.com/2022/07/08/e-commerce-giant-shrinking-expansion-plans/o,baseURI.33.delayed]
[www.thelogistixco.com/2022/07/08/e-commerce-giant-shrinking-expansion-plans/GET]
[cdn-dhaoc.nitrocdn.com/yFqVfRYBJOLINhnquyhbCoFSffBIZaKV/assets/static/optimized/rev-36dbb12/wp-content/uploads/2022/09/potential-strike.jpg]
[www.thelogistixco.com/wp-json/wp/v2/posts/2343.json]
[www.thelogistixco.com/index8bf8.html]
[www.thelogistixco.com/2022/07/08/e-commerce-giant-shrinking-expansion-plans/feed/index.html]
[www.thelogistixco.com/wp-json/oembed/1.0/embedd6ea.json]
[www.thelogistixco.com/2022/07/08/e-commerce-giant-shrinking-expansion-plans/Edge/index.html]
[www.thelogistixco.com/wp-json/oembed/1.0/embed337a]
[www.thelogistixco.com/2022/07/08/e-commerce-giant-shrinking-expansion-plans/e]
[www.thelogistixco.com/2022/09/28/hurricane-ian-anticipated-to-cause-supply-chain-delays/index.html]
[www.thelogistixco.com/2022/07/08/e-commerce-giant-shrinking-expansion-plans/POST]
[www.thelogistixco.com/2022/09/22/freight-volumes-at-four-year-high/index.html]
[www.thelogistixco.com/2022/09/15/crisis-averted-class-i-railroads-will-not-strike/index.html]
[www.thelogistixco.com/2022/09/14/tlc-reports-on-the-railroad-situation/index.html]
[www.thelogistixco.com/2022/09/13/precautions-for-possible-class-i-railroad-strike/index.html]
[cdn-dhaoc.nitrocdn.com/yFqVfRYBJOLINhnquyhbCoFSffBIZaKV/assets/static/optimized/rev-36dbb12/wp-includes/js/nitro-min-5b2146b38e1b595a126b17429a3712f0.comment-reply.js]
[cdn-dhaoc.nitrocdn.com/yFqVfRYBJOLINhnquyhbCoFSffBIZaKV/assets/static/optimized/rev-36dbb12/combinedCss/nitro-min-noimport-2b449af345dfa4812899630b8c9e4315-stylesheet.css]
[cdn-dhaoc.nitrocdn.com/yFqVfRYBJOLINhnquyhbCoFSffBIZaKV/assets/static/optimized/rev-36dbb12/wp-content/uploads/2022/07/AMazon-pulls-expansion.jpg]
[www.thelogistixco.com/2022/07/08/e-commerce-giant-shrinking-expansion-plans/index.html]
[cdn-dhaoc.nitrocdn.com/yFqVfRYBJOLINhnquyhbCoFSffBIZaKV/assets/static/optimized/rev-36dbb12/combinedCss/nitro-min-noimport-131e8b8daa84146c819dc1cc4c07f954-stylesheet.css]
[www.thelogistixco.com/about-us/o,baseURI]
[www.thelogistixco.com/about-us/GET]
[cdn-dhaoc.nitrocdn.com/yFqVfRYBJOLINhnquyhbCoFSffBIZaKV/assets/static/optimized/rev-36dbb12/wp-content/uploads/2016/03/AdobeStock_82755637.jpg]
[www.thelogistixco.com/about-us/Edge/index.html]
[www.thelogistixco.com/wp-json/wp/v2/pages/231.json]
[www.thelogistixco.com/wp-json/oembed/1.0/embed71f5.json]
[www.thelogistixco.com/index9873.html]
[www.thelogistixco.com/wp-json/oembed/1.0/embedcd1f]
[www.thelogistixco.com/about-us/e]
[www.thelogistixco.com/carriers/index.html]
[www.thelogistixco.com/about-us/POST]
[www.thelogistixco.com/intermodal-2/index.html]
[www.thelogistixco.com/ocean-freight/index.html]
[www.thelogistixco.com/about-us/index.html]
[www.thelogistixco.com/less-than-truckload-ltl/index.html]
[cdn-dhaoc.nitrocdn.com/yFqVfRYBJOLINhnquyhbCoFSffBIZaKV/assets/static/optimized/rev-36dbb12/combinedCss/nitro-min-noimport-cffaf0967f3f9c27b2062cdde31e9e03-stylesheet.css]
[www.thelogistixco.com/events/o,baseURI]
[www.thelogistixco.com/events/GET]
[www.thelogistixco.com/wp-json/wp/v2/pages/2014.json]
[www.thelogistixco.com/events/Edge/index.html]
[www.thelogistixco.com/index8a56.html]
[www.thelogistixco.com/wp-json/oembed/1.0/embed6feb.json]
[www.thelogistixco.com/wp-json/oembed/1.0/embedf56b]
[www.thelogistixco.com/events/e]
[www.thelogistixco.com/events/POST]
[www.thelogistixco.com/events/index.html]
[cdn-dhaoc.nitrocdn.com/yFqVfRYBJOLINhnquyhbCoFSffBIZaKV/assets/static/optimized/rev-36dbb12/combinedCss/nitro-min-noimport-1cdd26fd66d780b7083f869be52fad94-stylesheet.css]
[www.thelogistixco.com/contact-us/o,baseURI]
[www.thelogistixco.com/contact-us/GET]
[cdn-dhaoc.nitrocdn.com/yFqVfRYBJOLINhnquyhbCoFSffBIZaKV/assets/static/optimized/rev-36dbb12/wp-content/uploads/2020/02/City2_AdobeStock_282482097.jpg]
[www.thelogistixco.com/contact-us/Edge/index.html]
[www.thelogistixco.com/wp-json/wp/v2/pages/10.json]
[www.thelogistixco.com/wp-json/oembed/1.0/embedc140.json]
[www.thelogistixco.com/index64b4.html]
[www.thelogistixco.com/wp-json/oembed/1.0/embedd36b]
[www.thelogistixco.com/contact-us/e]
[www.thelogistixco.com/contact-us/POST]
[cdn-dhaoc.nitrocdn.com/yFqVfRYBJOLINhnquyhbCoFSffBIZaKV/assets/static/optimized/rev-36dbb12/wp-content/plugins/gravityforms/js/nitro-min-d04778a87354c6fb06bf752ce67549ce.jquery.json.js]
[cdn-dhaoc.nitrocdn.com/yFqVfRYBJOLINhnquyhbCoFSffBIZaKV/assets/static/optimized/rev-36dbb12/wp-content/plugins/gravityforms/js/nitro-min-d04778a87354c6fb06bf752ce67549ce.gravityforms.js]
[cdn-dhaoc.nitrocdn.com/yFqVfRYBJOLINhnquyhbCoFSffBIZaKV/assets/static/optimized/rev-36dbb12/recaptcha/nitro-min-72cd5b3d1ec20cc18d64661c585f7b91.api.js]
[cdn-dhaoc.nitrocdn.com/yFqVfRYBJOLINhnquyhbCoFSffBIZaKV/assets/static/optimized/rev-36dbb12/wp-includes/js/dist/nitro-min-9aec28032826eecc66baf34f3ebbaa8d.dom-ready.js]
[cdn-dhaoc.nitrocdn.com/yFqVfRYBJOLINhnquyhbCoFSffBIZaKV/assets/static/optimized/rev-36dbb12/wp-includes/js/dist/nitro-min-416f5dafd506a74514921c10cdc332ee.a11y.js]
[cdn-dhaoc.nitrocdn.com/yFqVfRYBJOLINhnquyhbCoFSffBIZaKV/assets/static/optimized/rev-36dbb12/wp-content/plugins/gravityforms/js/nitro-min-d04778a87354c6fb06bf752ce67549ce.jquery.maskedinput.js]
[www.thelogistixco.com/contact-us/index.html]
[cdn-dhaoc.nitrocdn.com/yFqVfRYBJOLINhnquyhbCoFSffBIZaKV/assets/static/optimized/rev-36dbb12/combinedCss/nitro-min-noimport-5dac523f66c00db79e6881ec5ea0eb26-stylesheet.css]
[www.thelogistixco.com/careers/o,baseURI]
[www.thelogistixco.com/careers/GET]
[www.thelogistixco.com/wp-json/wp/v2/pages/262.json]
[www.thelogistixco.com/careers/Edge/index.html]
[www.thelogistixco.com/index7d69.html]
[www.thelogistixco.com/wp-json/oembed/1.0/embed2cc7.json]
[www.thelogistixco.com/wp-json/oembed/1.0/embede2b2]
[www.thelogistixco.com/careers/e]
[www.thelogistixco.com/careers/POST]
[www.thelogistixco.com/careers/index.html]
[www.thelogistixco.com/jobs/sales/index.html]
[www.thelogistixco.com/jobs/operations/index.html]
[cdn-dhaoc.nitrocdn.com/yFqVfRYBJOLINhnquyhbCoFSffBIZaKV/assets/static/optimized/rev-36dbb12/combinedCss/nitro-min-noimport-499f2aeb08a306b29599bda4409b9981-stylesheet.css]
[www.thelogistixco.com/embark/o,baseURI]
[www.thelogistixco.com/embark/GET]
[cdn-dhaoc.nitrocdn.com/yFqVfRYBJOLINhnquyhbCoFSffBIZaKV/assets/static/optimized/rev-36dbb12/wp-content/uploads/2020/02/City4_AdobeStock_82046324.jpg]
[www.thelogistixco.com/wp-json/wp/v2/pages/1369.json]
[www.thelogistixco.com/embark/Edge/index.html]
[www.thelogistixco.com/wp-json/oembed/1.0/embedae5b.json]
[www.thelogistixco.com/index9e60.html]
[www.thelogistixco.com/wp-json/oembed/1.0/embed6487]
[www.thelogistixco.com/embark/e]
[www.thelogistixco.com/2022/09/01/u-s-ports-bloated-all-we-can-do-is-wait/index.html]
[www.thelogistixco.com/embark/POST]
[www.thelogistixco.com/2022/08/24/imports-remain-high-while-inventories-stagnate/index.html]
[www.thelogistixco.com/2022/08/09/2355/index.html]
[www.thelogistixco.com/embark/2/index.html]
[www.thelogistixco.com/2022/08/23/east-coast-ports-optimizing-workflow/index.html]
[cdn-dhaoc.nitrocdn.com/yFqVfRYBJOLINhnquyhbCoFSffBIZaKV/assets/static/optimized/rev-36dbb12/wp-includes/js/nitro-min-eda163fa3f5615b4a4368b51733d3a45.imagesloaded.min.js]
[www.thelogistixco.com/embark/3/index.html]
[www.thelogistixco.com/embark/4/index.html]
[www.thelogistixco.com/embark/index.html]
[www.thelogistixco.com/embark/5/index.html]
[cdn-dhaoc.nitrocdn.com/yFqVfRYBJOLINhnquyhbCoFSffBIZaKV/assets/static/optimized/rev-36dbb12/combinedCss/nitro-min-noimport-20d50cdb56f8d77cb7d9c7e58b338f68-stylesheet.css]
[www.thelogistixco.com/core-service-liquid-bulk/o,baseURI]
[www.thelogistixco.com/core-service-liquid-bulk/GET]
[cdn-dhaoc.nitrocdn.com/yFqVfRYBJOLINhnquyhbCoFSffBIZaKV/assets/static/optimized/rev-36dbb12/wp-content/uploads/bfi_thumb/Liquid-Bulk-p40n3px02brdw66lqerfb2275qbk68qygp6bth7ia0.jpg]
[www.thelogistixco.com/wp-json/wp/v2/pages/1530.json]
[www.thelogistixco.com/core-service-liquid-bulk/Edge/index.html]
[www.thelogistixco.com/index60da.html]
[www.thelogistixco.com/wp-json/oembed/1.0/embede61e.json]
[www.thelogistixco.com/wp-json/oembed/1.0/embedba67]
[www.thelogistixco.com/core-service-liquid-bulk/e]
[www.thelogistixco.com/core-service-liquid-bulk/POST]
[www.thelogistixco.com/core-service-liquid-bulk/index.html]
[cdn-dhaoc.nitrocdn.com/yFqVfRYBJOLINhnquyhbCoFSffBIZaKV/assets/static/optimized/rev-36dbb12/combinedCss/nitro-min-noimport-6ca87f3040f922020b46c3956e4f6b54-stylesheet.css]
[www.thelogistixco.com/core-service-dry-van-flatbed/o,baseURI]
[www.thelogistixco.com/core-service-dry-van-flatbed/GET]
[www.thelogistixco.com/wp-json/wp/v2/pages/1551.json]
[www.thelogistixco.com/indexeed3.html]
[www.thelogistixco.com/wp-json/oembed/1.0/embed16b9.json]
[www.thelogistixco.com/core-service-dry-van-flatbed/Edge/index.html]
[www.thelogistixco.com/wp-json/oembed/1.0/embed106c]
[www.thelogistixco.com/core-service-dry-van-flatbed/e]
[www.thelogistixco.com/core-service-dry-van-flatbed/POST]
[www.thelogistixco.com/core-service-dry-van-flatbed/index.html]
[cdn-dhaoc.nitrocdn.com/yFqVfRYBJOLINhnquyhbCoFSffBIZaKV/assets/static/optimized/rev-36dbb12/combinedCss/nitro-min-noimport-c26764c369f3e2b669f9bdd19a421fdd-stylesheet.css]
[www.thelogistixco.com/core-service-ltl-management/o,baseURI]
[www.thelogistixco.com/core-service-ltl-management/GET]
[www.thelogistixco.com/wp-json/wp/v2/pages/1561.json]
[www.thelogistixco.com/core-service-ltl-management/Edge/index.html]
[www.thelogistixco.com/index48a5.html]
[www.thelogistixco.com/wp-json/oembed/1.0/embedf5db.json]
[www.thelogistixco.com/wp-json/oembed/1.0/embedd519]
[www.thelogistixco.com/core-service-ltl-management/e]
[www.thelogistixco.com/core-service-ltl-management/POST]
[www.thelogistixco.com/core-service-ltl-management/index.html]
[cdn-dhaoc.nitrocdn.com/yFqVfRYBJOLINhnquyhbCoFSffBIZaKV/assets/static/optimized/rev-36dbb12/combinedCss/nitro-min-noimport-755cabd5ce50390586132d73e0cff082-stylesheet.css]
[www.thelogistixco.com/core-service-iso-20-40-containers/o,baseURI]
[www.thelogistixco.com/core-service-iso-20-40-containers/GET]
[www.thelogistixco.com/wp-json/wp/v2/pages/1556.json]
[www.thelogistixco.com/core-service-iso-20-40-containers/Edge/index.html]
[www.thelogistixco.com/wp-json/oembed/1.0/embed2bb4.json]
[www.thelogistixco.com/index674c.html]
[www.thelogistixco.com/wp-json/oembed/1.0/embed89fa]
[www.thelogistixco.com/core-service-iso-20-40-containers/e]
[www.thelogistixco.com/core-service-iso-20-40-containers/POST]
[www.thelogistixco.com/core-service-iso-20-40-containers/index.html]
[www.thelogistixco.com/POST.html]
[secure.leadforensics.com/121868.html]
[cdn-dhaoc.nitrocdn.com/yFqVfRYBJOLINhnquyhbCoFSffBIZaKV/assets/static/optimized/rev-36dbb12/combinedCss/nitro-min-noimport-301e27bf4e67d7ca261d1e48f1d800a5-stylesheet.css]
[cdn-dhaoc.nitrocdn.com/yFqVfRYBJOLINhnquyhbCoFSffBIZaKV/assets/static/optimized/rev-36dbb12/combinedCss/nitro-min-noimport-41de1b76adb7dce1cb804d60b3155cf4-stylesheet.css]
[cdn-dhaoc.nitrocdn.com/yFqVfRYBJOLINhnquyhbCoFSffBIZaKV/assets/static/optimized/rev-36dbb12/wp-content/uploads/2021/03/AdobeStock_141506458.jpg]
[cdn-dhaoc.nitrocdn.com/yFqVfRYBJOLINhnquyhbCoFSffBIZaKV/assets/static/optimized/rev-36dbb12/wp-content/uploads/2021/03/Cropped-Shipping.jpg]
[cdn-dhaoc.nitrocdn.com/yFqVfRYBJOLINhnquyhbCoFSffBIZaKV/assets/static/optimized/rev-36dbb12/wp-content/uploads/2021/03/AdobeStock_230249396.jpg]
[cdn-dhaoc.nitrocdn.com/yFqVfRYBJOLINhnquyhbCoFSffBIZaKV/assets/static/optimized/rev-36dbb12/wp-content/plugins/js-support-ticket/includes/images/notsaved.png]
[cdn-dhaoc.nitrocdn.com/yFqVfRYBJOLINhnquyhbCoFSffBIZaKV/assets/static/optimized/rev-36dbb12/wp-content/plugins/js-support-ticket/includes/images/saved.png]
[cdn-dhaoc.nitrocdn.com/yFqVfRYBJOLINhnquyhbCoFSffBIZaKV/assets/static/optimized/rev-36dbb12/wp-content/plugins/js-support-ticket/includes/images/selecticon.png]
[cdn-dhaoc.nitrocdn.com/yFqVfRYBJOLINhnquyhbCoFSffBIZaKV/assets/static/optimized/rev-36dbb12/wp-content/plugins/js-support-ticket/includes/images/themes/previewicon.png]
[cdn-dhaoc.nitrocdn.com/yFqVfRYBJOLINhnquyhbCoFSffBIZaKV/assets/static/optimized/rev-36dbb12/wp-content/plugins/js-support-ticket/includes/images/themes/themeicon.png]
[cdn-dhaoc.nitrocdn.com/yFqVfRYBJOLINhnquyhbCoFSffBIZaKV/assets/static/optimized/rev-36dbb12/wp-content/plugins/js-support-ticket/includes/images/body-bg-1.png]
[www.thelogistixco.com/wp-content/plugins/js-support-ticket/includes/images/ticketdetailicon/calender.9b.delayed]
[cdn-dhaoc.nitrocdn.com/yFqVfRYBJOLINhnquyhbCoFSffBIZaKV/assets/static/optimized/rev-36dbb12/combinedCss/nitro-min-noimport-31c26a47afd5475e65a9f9dfba9ef19b-stylesheet.css]
[www.thelogistixco.com/2022/07/08/e-commerce-giant-shrinking-expansion-plans/o,baseURI.html]
[www.thelogistixco.com/2022/07/08/e-commerce-giant-shrinking-expansion-plans/GET.html]
[www.thelogistixco.com/2022/07/08/e-commerce-giant-shrinking-expansion-plans/Edge/index.html]
[www.thelogistixco.com/index8bf8.html]
[www.thelogistixco.com/2022/09/28/hurricane-ian-anticipated-to-cause-supply-chain-delays/o,baseURI]
[www.thelogistixco.com/2022/09/28/hurricane-ian-anticipated-to-cause-supply-chain-delays/GET]
[cdn-dhaoc.nitrocdn.com/yFqVfRYBJOLINhnquyhbCoFSffBIZaKV/assets/static/optimized/rev-36dbb12/wp-content/uploads/2022/09/first-of-hurricane-season-2022.jpg]
[www.thelogistixco.com/2022/09/28/hurricane-ian-anticipated-to-cause-supply-chain-delays/Edge/index.html]
[www.thelogistixco.com/2022/09/28/hurricane-ian-anticipated-to-cause-supply-chain-delays/feed/index.html]
[www.thelogistixco.com/wp-json/wp/v2/posts/2409.json]
[www.thelogistixco.com/wp-json/oembed/1.0/embed9ff2.json]
[www.thelogistixco.com/index5ac4.html]
[www.thelogistixco.com/wp-json/oembed/1.0/embed9434]
[www.thelogistixco.com/2022/09/28/hurricane-ian-anticipated-to-cause-supply-chain-delays/e]
[www.thelogistixco.com/2022/09/28/hurricane-ian-anticipated-to-cause-supply-chain-delays/POST]
[www.thelogistixco.com/2022/09/28/hurricane-ian-anticipated-to-cause-supply-chain-delays/index.html]
[www.thelogistixco.com/2022/09/22/freight-volumes-at-four-year-high/o,baseURI]
[www.thelogistixco.com/2022/09/22/freight-volumes-at-four-year-high/GET]
[www.thelogistixco.com/wp-json/wp/v2/posts/2405.json]
[www.thelogistixco.com/index83b4.html]
[www.thelogistixco.com/2022/09/22/freight-volumes-at-four-year-high/feed/index.html]
[www.thelogistixco.com/wp-json/oembed/1.0/embedc695.json]
[www.thelogistixco.com/2022/09/22/freight-volumes-at-four-year-high/Edge/index.html]
[www.thelogistixco.com/wp-json/oembed/1.0/embed5014]
[www.thelogistixco.com/2022/09/22/freight-volumes-at-four-year-high/e]
[www.thelogistixco.com/2022/09/22/freight-volumes-at-four-year-high/POST]
[cdn-dhaoc.nitrocdn.com/yFqVfRYBJOLINhnquyhbCoFSffBIZaKV/assets/static/optimized/rev-36dbb12/wp-content/uploads/2022/09/trucking-freight-up.jpg]
[www.thelogistixco.com/2022/09/22/freight-volumes-at-four-year-high/index.html]
[www.thelogistixco.com/2022/09/15/crisis-averted-class-i-railroads-will-not-strike/o,baseURI]
[www.thelogistixco.com/2022/09/15/crisis-averted-class-i-railroads-will-not-strike/GET]
[www.thelogistixco.com/wp-json/wp/v2/posts/2396.json]
[www.thelogistixco.com/index4df4.html]
[www.thelogistixco.com/2022/09/15/crisis-averted-class-i-railroads-will-not-strike/feed/index.html]
[www.thelogistixco.com/wp-json/oembed/1.0/embed082c.json]
[www.thelogistixco.com/2022/09/15/crisis-averted-class-i-railroads-will-not-strike/Edge/index.html]
[www.thelogistixco.com/wp-json/oembed/1.0/embed4cb5]
[www.thelogistixco.com/2022/09/15/crisis-averted-class-i-railroads-will-not-strike/e]
[www.thelogistixco.com/2022/09/15/crisis-averted-class-i-railroads-will-not-strike/POST]
[cdn-dhaoc.nitrocdn.com/yFqVfRYBJOLINhnquyhbCoFSffBIZaKV/assets/static/optimized/rev-36dbb12/wp-content/uploads/2022/09/rail-agreement.html]
[www.thelogistixco.com/2022/09/15/crisis-averted-class-i-railroads-will-not-strike/index.html]
[www.thelogistixco.com/2022/09/14/tlc-reports-on-the-railroad-situation/index.html]
[www.thelogistixco.com/2022/09/13/precautions-for-possible-class-i-railroad-strike/index.html]
[www.thelogistixco.com/2022/07/08/e-commerce-giant-shrinking-expansion-plans/POST.html]
[cdn-dhaoc.nitrocdn.com/yFqVfRYBJOLINhnquyhbCoFSffBIZaKV/assets/static/optimized/rev-36dbb12/combinedCss/nitro-min-noimport-2b449af345dfa4812899630b8c9e4315-stylesheet.css]
[cdn-dhaoc.nitrocdn.com/yFqVfRYBJOLINhnquyhbCoFSffBIZaKV/assets/static/optimized/rev-36dbb12/combinedCss/nitro-min-noimport-131e8b8daa84146c819dc1cc4c07f954-stylesheet.css]
[www.thelogistixco.com/about-us/o,baseURI.html]
[www.thelogistixco.com/about-us/GET.html]
[www.thelogistixco.com/about-us/Edge/index.html]
[www.thelogistixco.com/index9873.html]
[www.thelogistixco.com/carriers/index.html]
[www.thelogistixco.com/intermodal-2/index.html]
[www.thelogistixco.com/less-than-truckload-ltl/index.html]
[www.thelogistixco.com/ocean-freight/index.html]
[www.thelogistixco.com/about-us/POST.html]
[cdn-dhaoc.nitrocdn.com/yFqVfRYBJOLINhnquyhbCoFSffBIZaKV/assets/static/optimized/rev-36dbb12/combinedCss/nitro-min-noimport-cffaf0967f3f9c27b2062cdde31e9e03-stylesheet.css]
[www.thelogistixco.com/events/o,baseURI.html]
[www.thelogistixco.com/events/GET.html]
[www.thelogistixco.com/events/Edge/index.html]
[www.thelogistixco.com/index8a56.html]
[www.thelogistixco.com/events/POST.html]
[cdn-dhaoc.nitrocdn.com/yFqVfRYBJOLINhnquyhbCoFSffBIZaKV/assets/static/optimized/rev-36dbb12/combinedCss/nitro-min-noimport-1cdd26fd66d780b7083f869be52fad94-stylesheet.css]
[www.thelogistixco.com/contact-us/o,baseURI.html]
[www.thelogistixco.com/contact-us/GET.html]
[www.thelogistixco.com/contact-us/Edge/index.html]
[www.thelogistixco.com/index64b4.html]
[www.thelogistixco.com/contact-us/POST.html]
[cdn-dhaoc.nitrocdn.com/yFqVfRYBJOLINhnquyhbCoFSffBIZaKV/assets/static/optimized/rev-36dbb12/combinedCss/nitro-min-noimport-5dac523f66c00db79e6881ec5ea0eb26-stylesheet.css]
[www.thelogistixco.com/careers/o,baseURI.html]
[www.thelogistixco.com/careers/GET.html]
[www.thelogistixco.com/careers/Edge/index.html]
[www.thelogistixco.com/index7d69.html]
[www.thelogistixco.com/jobs/sales/index.html]
[www.thelogistixco.com/jobs/operations/index.html]
[www.thelogistixco.com/careers/POST.html]
[cdn-dhaoc.nitrocdn.com/yFqVfRYBJOLINhnquyhbCoFSffBIZaKV/assets/static/optimized/rev-36dbb12/combinedCss/nitro-min-noimport-499f2aeb08a306b29599bda4409b9981-stylesheet.css]
[www.thelogistixco.com/embark/o,baseURI.html]
[www.thelogistixco.com/embark/GET.html]
[www.thelogistixco.com/embark/Edge/index.html]
[www.thelogistixco.com/index9e60.html]
[www.thelogistixco.com/2022/09/01/u-s-ports-bloated-all-we-can-do-is-wait/index.html]
[www.thelogistixco.com/2022/08/24/imports-remain-high-while-inventories-stagnate/index.html]
[www.thelogistixco.com/2022/08/23/east-coast-ports-optimizing-workflow/index.html]
[www.thelogistixco.com/2022/08/09/2355/index.html]
[www.thelogistixco.com/embark/2/index.html]
[www.thelogistixco.com/embark/3/index.html]
[www.thelogistixco.com/embark/4/index.html]
[www.thelogistixco.com/embark/5/index.html]
[www.thelogistixco.com/embark/POST.html]
[cdn-dhaoc.nitrocdn.com/yFqVfRYBJOLINhnquyhbCoFSffBIZaKV/assets/static/optimized/rev-36dbb12/combinedCss/nitro-min-noimport-20d50cdb56f8d77cb7d9c7e58b338f68-stylesheet.css]
[www.thelogistixco.com/core-service-liquid-bulk/o,baseURI.html]
[www.thelogistixco.com/core-service-liquid-bulk/GET.html]
[www.thelogistixco.com/core-service-liquid-bulk/Edge/index.html]
[www.thelogistixco.com/index60da.html]
[www.thelogistixco.com/core-service-liquid-bulk/POST.html]
[cdn-dhaoc.nitrocdn.com/yFqVfRYBJOLINhnquyhbCoFSffBIZaKV/assets/static/optimized/rev-36dbb12/combinedCss/nitro-min-noimport-6ca87f3040f922020b46c3956e4f6b54-stylesheet.css]
[www.thelogistixco.com/core-service-dry-van-flatbed/o,baseURI.html]
[www.thelogistixco.com/core-service-dry-van-flatbed/GET.html]
[www.thelogistixco.com/core-service-dry-van-flatbed/Edge/index.html]
[www.thelogistixco.com/indexeed3.html]
[www.thelogistixco.com/core-service-dry-van-flatbed/POST.html]
[cdn-dhaoc.nitrocdn.com/yFqVfRYBJOLINhnquyhbCoFSffBIZaKV/assets/static/optimized/rev-36dbb12/combinedCss/nitro-min-noimport-c26764c369f3e2b669f9bdd19a421fdd-stylesheet.css]
[www.thelogistixco.com/core-service-ltl-management/o,baseURI.html]
[www.thelogistixco.com/core-service-ltl-management/GET.html]
[www.thelogistixco.com/core-service-ltl-management/Edge/index.html]
[www.thelogistixco.com/index48a5.html]
[www.thelogistixco.com/core-service-ltl-management/POST.html]
[cdn-dhaoc.nitrocdn.com/yFqVfRYBJOLINhnquyhbCoFSffBIZaKV/assets/static/optimized/rev-36dbb12/combinedCss/nitro-min-noimport-755cabd5ce50390586132d73e0cff082-stylesheet.css]
[www.thelogistixco.com/core-service-iso-20-40-containers/o,baseURI.html]
[www.thelogistixco.com/core-service-iso-20-40-containers/GET.html]
[www.thelogistixco.com/core-service-iso-20-40-containers/Edge/index.html]
[www.thelogistixco.com/index674c.html]
[www.thelogistixco.com/core-service-iso-20-40-containers/POST.html]
[cdn-dhaoc.nitrocdn.com/yFqVfRYBJOLINhnquyhbCoFSffBIZaKV/assets/static/optimized/rev-36dbb12/combinedCss/nitro-min-noimport-41de1b76adb7dce1cb804d60b3155cf4-stylesheet.css]
[www.thelogistixco.com/wp-content/plugins/js-support-ticket/includes/images/ticketdetailicon/calender.html]
[www.thelogistixco.com/2022/09/28/hurricane-ian-anticipated-to-cause-supply-chain-delays/o,baseURI.html]
[www.thelogistixco.com/2022/09/28/hurricane-ian-anticipated-to-cause-supply-chain-delays/GET.html]
[www.thelogistixco.com/2022/09/28/hurricane-ian-anticipated-to-cause-supply-chain-delays/Edge/index.html]
[www.thelogistixco.com/index5ac4.html]
[www.thelogistixco.com/2022/09/28/hurricane-ian-anticipated-to-cause-supply-chain-delays/POST.html]
[www.thelogistixco.com/2022/09/22/freight-volumes-at-four-year-high/o,baseURI.html]
[www.thelogistixco.com/2022/09/22/freight-volumes-at-four-year-high/GET.html]
[www.thelogistixco.com/2022/09/22/freight-volumes-at-four-year-high/Edge/index.html]
[www.thelogistixco.com/index83b4.html]
[www.thelogistixco.com/2022/09/22/freight-volumes-at-four-year-high/POST.html]
[www.thelogistixco.com/2022/09/15/crisis-averted-class-i-railroads-will-not-strike/o,baseURI.html]
[www.thelogistixco.com/2022/09/15/crisis-averted-class-i-railroads-will-not-strike/GET.html]
[www.thelogistixco.com/2022/09/15/crisis-averted-class-i-railroads-will-not-strike/Edge/index.html]
[www.thelogistixco.com/index4df4.html]
[www.thelogistixco.com/2022/09/15/crisis-averted-class-i-railroads-will-not-strike/POST.html]
